// Jest Snapshot v1, https://goo.gl/fbAQLP

exports[`renders null without scoped slots 1`] = `undefined`;

exports[`renders null without state 1`] = `undefined`;

exports[`renders with scoped slots 1`] = `

<div class="ais-Configure">
  <span>
    hitsPerPage: 5
  </span>
</div>

`;
