// Jest Snapshot v1, https://goo.gl/fbAQLP

exports[`renders correctly 1`] = `

<div class="ais-Hits">
  <ol class="ais-Hits-list">
    <li class="ais-Hits-item">
      objectID: one, index: 0
    </li>
    <li class="ais-Hits-item">
      objectID: two, index: 1
    </li>
  </ol>
</div>

`;
