// Jest Snapshot v1, https://goo.gl/fbAQLP

exports[`renders correctly 1`] = `

<div class="ais-Stats">
  <span class="ais-Stats-text">
    1,000 results found in 12ms
  </span>
</div>

`;
